176.60.52.17 - - [01/Feb/2018:19:45:56 -0500] "POST /api/add_comment HTTP/1.0" 201 150 "https://www.google.com/" "Chrome/63.0.3239.132 (Windows NT 10.0; Win64; x64) AppleWebKit/537.36 (KHTML, like Gecko) Chrome/63.0.3239.132 Safari/537.36"
203.45.67.89 - - [02/Feb/2018:05:01:17 +0800] "GET /images/banner.jpg HTTP/1.0" 200 200 "https://www.google.com/" "Chrome/64.0.3282.140 (Windows NT 10.0; Win64; x64) AppleWebKit/537.36 (KHTML, like Gecko) Chrome/64.0.3282.140 Safari/537.36"
78.90.12.34 - - [03/Feb/2018:16:30:45 -0400] "GET /user/profile456 HTTP/1.0" 200 900 "https://www.google.com/" "Chrome/65.0.3325.181 (Windows NT 10.0; Win64; x64) AppleWebKit/537.36 (KHTML, like Gecko) Chrome/65.0.3325.181 Safari/537.36"
210.32.45.67 - - [04/Feb/2018:23:12:33 +0300] "GET /blog/highlights HTTP/1.0" 200 1400 "https://www.google.com/" "Chrome/66.0.3359.139 (Windows NT 10.0; Win64; x64) AppleWebKit/537.36 (KHTML, like Gecko) Chrome/66.0.3359.139 Safari/537.36"
176.98.76.54 - - [05/Feb/2018:10:22:15 -0700] "GET /blog/featured_post HTTP/1.0" 200 1100 "https://www.google.com/" "Chrome/67.0.3396.62 (Windows NT 10.0; Win64; x64) AppleWebKit/537.36 (KHTML, like Gecko) Chrome/67.0.3396.62 Safari/537.36"
45.67.89.12 - - [06/Feb/2018:08:45:23 +0100] "POST /api/update_settings HTTP/1.0" 201 130 "https://www.google.com/" "Chrome/68.0.3440.106 (Windows NT 10.0; Win64; x64) AppleWebKit/537.36 (KHTML, like Gecko) Chrome/68.0.3440.106 Safari/537.36"
89.12.34.56 - - [07/Feb/2018:14:37:59 +0200] "GET /products/special_offers.html HTTP/1.0" 200 1900 "https://www.google.com/" "Chrome/69.0.3497.100 (Windows NT 10.0; Win64; x64) AppleWebKit/537.36 (KHTML, like Gecko) Chrome/69.0.3497.100 Safari/537.36"
123.45.67.89 - - [08/Feb/2018:20:59:41 -0500] "GET /user/profile789 HTTP/1.0" 200 1000 "https://www.google.com/" "Chrome/70.0.3538.67 (Windows NT 10.0; Win64; x64) AppleWebKit/537.36 (KHTML, like Gecko) Chrome/70.0.3538.67 Safari/537.36"
56.78.90.12 - - [09/Feb/2018:11:11:10 +0800] "GET /blog/recent_posts HTTP/1.0" 200 1200 "https://www.google.com/" "Chrome/71.0.3578.98 (Windows NT 10.0; Win64; x64) AppleWebKit/537.36 (KHTML, like Gecko) Chrome/71.0.3578.98 Safari/537.36"
21.43.65.87 - - [10/Feb/2018:09:24:53 -0400] "GET /images/background.png HTTP/1.0" 200 250 "https://www.google.com/" "Chrome/72.0.3626.109 (Windows NT 10.0; Win64; x64) AppleWebKit/537.36 (KHTML, like Gecko) Chrome/72.0.3626.109 Safari/537.36"
34.56.78.90 - - [11/Feb/2018:15:46:35 +0200] "GET /blog/tips_and_tricks HTTP/1.0" 200 800 "https://www.google.com/" "Chrome/73.0.3683.75 (Windows NT 10.0; Win64; x64) AppleWebKit/537.36 (KHTML, like Gecko) Chrome/73.0.3683.75 Safari/537.36"
43.21.65.87 - - [12/Feb/2018:21:08:17 +0300] "GET /products/top_rated.html HTTP/1.0" 200 1600 "https://www.google.com/" "Chrome/74.0.3729.131 (Windows NT 10.0; Win64; x64) AppleWebKit/537.36 (KHTML, like Gecko) Chrome/74.0.3729.131 Safari/537.36"
87.65.43.21 - - [13/Feb/2018:12:20:02 -0700] "POST /api/submit_survey HTTP/1.0" 201 200 "https://www.google.com/" "Chrome/75.0.3770.90 (Windows NT 10.0; Win64; x64) AppleWebKit/537.36 (KHTML, like Gecko) Chrome/75.0.3770.90 Safari/537.36"
98.76.54.32 - - [14/Feb/2018:18:41:44 +0100] "GET /blog/industry_news HTTP/1.0" 200 1400 "https://www.google.com/" "Chrome/76.0.3809.100 (Windows NT 10.0; Win64; x64) AppleWebKit/537.36 (KHTML, like Gecko) Chrome/76.0.3809.100 Safari/537.36"
109.87.65.43 - - [15/Feb/2018:23:03:26 +0800] "GET /user/preferences HTTP/1.0" 200 1000 "https://www.google.com/" "Chrome/77.0.3865.90 (Windows NT 10.0; Win64; x64) AppleWebKit/537.36 (KHTML, like Gecko) Chrome/77.0.3865.90 Safari/537.36"
45.67.89.12 - - [16/Feb/2018:14:15:11 -0400] "GET /blog/book_reviews HTTP/1.0" 200 1200 "https://www.google.com/" "Chrome/78.0.3904.97 (Windows NT 10.0; Win64; x64) AppleWebKit/537.36 (KHTML, like Gecko) Chrome/78.0.3904.97 Safari/537.36"
76.54.32.10 - - [17/Feb/2018:20:36:53 +0300] "POST /api/update_preferences HTTP/1.0" 201 180 "https://www.google.com/" "Chrome/79.0.3945.88 (Windows NT 10.0; Win64; x64) AppleWebKit/537.36 (KHTML, like Gecko) Chrome/79.0.3945.88 Safari/537.36"
21.43.65.87 - - [18/Feb/2018:11:48:38 +0100] "GET /images/gallery.jpg HTTP/1.0" 200 200 "https://www.google.com/" "Chrome/80.0.3987.132 (Windows NT 10.0; Win64; x64) AppleWebKit/537.36 (KHTML, like Gecko) Chrome/80.0.3987.132 Safari/537.36"
34.56.78.90 - - [19/Feb/2018:17:59:22 +0200] "GET /blog/updates HTTP/1.0" 200 1200 "https://www.google.com/" "Chrome/81.0.4044.138 (Windows NT 10.0; Win64; x64) AppleWebKit/537.36 (KHTML, like Gecko) Chrome/81.0.4044.138 Safari/537.36"
43.21.65.87 - - [20/Feb/2018:23:21:07 -0400] "GET /products/latest_arrivals.html HTTP/1.0" 200 1600 "https://www.google.com/" "Chrome/82.0.4070.66 (Windows NT 10.0; Win64; x64) AppleWebKit/537.36 (KHTML, like Gecko) Chrome/82.0.4070.66 Safari/537.36"
66.102.9.142 - - [24/Jan/2018:06:34:25 +0300] "GET /wp-content/plugins/wp-postratings/images/stars/rating_half.gif HTTP/1.0" 200 523 "http://some-blog.ru/rastyazhka/skolko-nuzhno-vremeni-chtoby-sest-na-shpagat/" "Safari/5.0 (Linux; Android 6.0.1; 5051D Build/MMB29M) AppleWebKit/537.36 (KHTML, like Gecko) Chrome/53.0.2785.124 Mobile Safari/537.36"
66.102.9.138 - - [24/Jan/2018:06:34:25 +0300] "GET /wp-content/plugins/wp-postratings/images/loading.gif HTTP/1.0" 200 771 "http://some-blog.ru/rastyazhka/skolko-nuzhno-vremeni-chtoby-sest-na-shpagat/" "Safari/5.0 (Linux; Android 6.0.1; 5051D Build/MMB29M) AppleWebKit/537.36 (KHTML, like Gecko) Chrome/53.0.2785.124 Mobile Safari/537.36"
66.102.9.138 - - [24/Jan/2018:06:34:25 +0300] "GET /wp-content/themes/sark-press/javascript/sarkpress_script.js HTTP/1.0" 200 137 "http://some-blog.ru/rastyazhka/skolko-nuzhno-vremeni-chtoby-sest-na-shpagat/" "Safari/5.0 (Linux; Android 6.0.1; 5051D Build/MMB29M) AppleWebKit/537.36 (KHTML, like Gecko) Chrome/53.0.2785.124 Mobile Safari/537.36"
66.102.9.140 - - [24/Jan/2018:06:34:25 +0300] "GET /wp-content/plugins/wp-postratings/postratings-js.js?ver=1.82 HTTP/1.0" 200 752 "http://some-blog.ru/rastyazhka/skolko-nuzhno-vremeni-chtoby-sest-na-shpagat/" "Safari/5.0 (Linux; Android 6.0.1; 5051D Build/MMB29M) AppleWebKit/537.36 (KHTML, like Gecko) Chrome/53.0.2785.124 Mobile Safari/537.36"
66.102.9.140 - - [24/Jan/2018:06:34:25 +0300] "GET /wp-includes/js/wp-emoji-release.min.js?ver=4.6.1 HTTP/1.0" 200 4012 "http://some-blog.ru/rastyazhka/skolko-nuzhno-vremeni-chtoby-sest-na-shpagat/" "Safari/5.0 (Linux; Android 6.0.1; 5051D Build/MMB29M) AppleWebKit/537.36 (KHTML, like Gecko) Chrome/53.0.2785.124 Mobile Safari/537.36"
66.102.9.140 - - [24/Jan/2018:06:34:26 +0300] "GET /wp-content/themes/sark-press/fonts/font-awesome/fontawesome-webfont.woff?v=4.0.3 HTTP/1.0" 200 44432 "http://some-blog.ru/wp-content/themes/sark-press/stylesheet/font-awesome.min.css?ver=20121010" "Safari/5.0 (Linux; Android 6.0.1; 5051D Build/MMB29M) AppleWebKit/537.36 (KHTML, like Gecko) Chrome/53.0.2785.124 Mobile Safari/537.36"
66.102.9.140 - - [24/Jan/2018:06:34:28 +0300] "GET /wp-content/plugins/wp-postratings/images/stars/rating_over.gif HTTP/1.0" 200 920 "http://some-blog.ru/rastyazhka/skolko-nuzhno-vremeni-chtoby-sest-na-shpagat/" "Safari/5.0 (Linux; Android 6.0.1; 5051D Build/MMB29M) AppleWebKit/537.36 (KHTML, like Gecko) Chrome/53.0.2785.124 Mobile Safari/537.36"
66.102.9.142 - - [24/Jan/2018:06:34:57 +0300] "GET /rastyazhka/skolko-nuzhno-vremeni-chtoby-sest-na-shpagat/ HTTP/1.0" 200 11749 "http://some-blog.ru/rastyazhka/skolko-nuzhno-vremeni-chtoby-sest-na-shpagat/" "Safari/5.0 (Linux; Android 6.0.1; 5051D Build/MMB29M) AppleWebKit/537.36 (KHTML, like Gecko) Chrome/53.0.2785.124 Mobile Safari/537.36"
66.102.9.140 - - [24/Jan/2018:06:34:58 +0300] "GET /rastyazhka/skolko-nuzhno-vremeni-chtoby-sest-na-shpagat/?cf_action=sync_comments&post_id=591 HTTP/1.0" 200 173 "http://some-blog.ru/rastyazhka/skolko-nuzhno-vremeni-chtoby-sest-na-shpagat/" "Safari/5.0 (Linux; Android 6.0.1; 5051D Build/MMB29M) AppleWebKit/537.36 (KHTML, like Gecko) Chrome/53.0.2785.124 Mobile Safari/537.36"
66.102.9.138 - - [24/Jan/2018:06:35:45 +0300] "GET /trenirovki/kak-sest-na-shpagat-v-domashnix-usloviyax-uprazhneniya/ HTTP/1.0" 200 22084 "http://some-blog.ru/rastyazhka/skolko-nuzhno-vremeni-chtoby-sest-na-shpagat/" "Safari/5.0 (Linux; Android 6.0.1; 5051D Build/MMB29M) AppleWebKit/537.36 (KHTML, like Gecko) Chrome/53.0.2785.124 Mobile Safari/537.36"
66.102.9.140 - - [24/Jan/2018:06:36:12 +0300] "GET /trenirovki/kak-sest-na-shpagat-v-domashnix-usloviyax-uprazhneniya/ HTTP/1.0" 200 22084 "http://some-blog.ru/trenirovki/kak-sest-na-shpagat-v-domashnix-usloviyax-uprazhneniya/" "Safari/5.0 (Linux; Android 6.0.1; 5051D Build/MMB29M) AppleWebKit/537.36 (KHTML, like Gecko) Chrome/53.0.2785.124 Mobile Safari/537.36"
66.102.9.138 - - [24/Jan/2018:06:38:59 +0300] "GET /trenirovki/kak-sest-na-shpagat-v-domashnix-usloviyax-uprazhneniya/ HTTP/1.0" 200 22084 "android-app://com.google.android.googlequicksearchbox" "Safari/5.0 (Linux; Android 7.1.2; Redmi 5A Build/N2G47H) AppleWebKit/537.36 (KHTML, like Gecko) Chrome/63.0.3239.111 Mobile Safari/537.36"
66.102.9.138 - - [24/Jan/2018:06:39:00 +0300] "GET /wp-content/themes/sark-press/stylesheet/fonts.css?ver=20121010 HTTP/1.0" 200 279 "http://some-blog.ru/trenirovki/kak-sest-na-shpagat-v-domashnix-usloviyax-uprazhneniya/" "Safari/5.0 (Linux; Android 7.1.2; Redmi 5A Build/N2G47H) AppleWebKit/537.36 (KHTML, like Gecko) Chrome/63.0.3239.111 Mobile Safari/537.36"
66.102.9.140 - - [24/Jan/2018:06:39:00 +0300] "GET /wp-content/plugins/wp-postratings/postratings-css.css?ver=1.82 HTTP/1.0" 200 425 "http://some-blog.ru/trenirovki/kak-sest-na-shpagat-v-domashnix-usloviyax-uprazhneniya/" "Safari/5.0 (Linux; Android 7.1.2; Redmi 5A Build/N2G47H) AppleWebKit/537.36 (KHTML, like Gecko) Chrome/63.0.3239.111 Mobile Safari/537.36"
66.102.9.138 - - [24/Jan/2018:06:39:00 +0300] "GET /wp-content/themes/sark-press/stylesheet/bootstrap.css?ver=20121010 HTTP/1.0" 200 19519 "http://some-blog.ru/trenirovki/kak-sest-na-shpagat-v-domashnix-usloviyax-uprazhneniya/" "Safari/5.0 (Linux; Android 7.1.2; Redmi 5A Build/N2G47H) AppleWebKit/537.36 (KHTML, like Gecko) Chrome/63.0.3239.111 Mobile Safari/537.36"
66.102.9.140 - - [24/Jan/2018:06:39:00 +0300] "GET /wp-content/themes/sark-press/stylesheet/bootstrap-theme.min.css?ver=20121010 HTTP/1.0" 200 1747 "http://some-blog.ru/trenirovki/kak-sest-na-shpagat-v-domashnix-usloviyax-uprazhneniya/" "Safari/5.0 (Linux; Android 7.1.2; Redmi 5A Build/N2G47H) AppleWebKit/537.36 (KHTML, like Gecko) Chrome/63.0.3239.111 Mobile Safari/537.36"
66.102.9.142 - - [24/Jan/2018:06:39:00 +0300] "GET /wp-content/themes/sark-press/stylesheet/font-awesome.min.css?ver=20121010 HTTP/1.0" 200 4015 "http://some-blog.ru/trenirovki/kak-sest-na-shpagat-v-domashnix-usloviyax-uprazhneniya/" "Safari/5.0 (Linux; Android 7.1.2; Redmi 5A Build/N2G47H) AppleWebKit/537.36 (KHTML, like Gecko) Chrome/63.0.3239.111 Mobile Safari/537.36"
66.102.9.140 - - [24/Jan/2018:06:39:00 +0300] "GET /wp-content/themes/sark-press/style.css?ver=20121010 HTTP/1.0" 200 5078 "http://some-blog.ru/trenirovki/kak-sest-na-shpagat-v-domashnix-usloviyax-uprazhneniya/" "Safari/5.0 (Linux; Android 7.1.2; Redmi 5A Build/N2G47H) AppleWebKit/537.36 (KHTML, like Gecko) Chrome/63.0.3239.111 Mobile Safari/537.36"
66.102.9.140 - - [24/Jan/2018:06:39:00 +0300] "GET /wp-content/plugins/wp-pagenavi/pagenavi-css.css?ver=2.70 HTTP/1.0" 200 239 "http://some-blog.ru/trenirovki/kak-sest-na-shpagat-v-domashnix-usloviyax-uprazhneniya/" "Safari/5.0 (Linux; Android 7.1.2; Redmi 5A Build/N2G47H) AppleWebKit/537.36 (KHTML, like Gecko) Chrome/63.0.3239.111 Mobile Safari/537.36"
66.102.9.138 - - [24/Jan/2018:06:39:00 +0300] "GET /wp-content/plugins/extended-categories-widget/4.2/css/avh-ec.widget.css?ver=3.10.0-dev.1 HTTP/1.0" 200 121 "http://some-blog.ru/trenirovki/kak-sest-na-shpagat-v-domashnix-usloviyax-uprazhneniya/" "Safari/5.0 (Linux; Android 7.1.2; Redmi 5A Build/N2G47H) AppleWebKit/537.36 (KHTML, like Gecko) Chrome/63.0.3239.111 Mobile Safari/537.36"
66.102.9.142 - - [24/Jan/2018:06:39:00 +0300] "GET /wp-includes/js/jquery/jquery-migrate.min.js?ver=1.4.1 HTTP/1.0" 200 4014 "http://some-blog.ru/trenirovki/kak-sest-na-shpagat-v-domashnix-usloviyax-uprazhneniya/" "Mozilla/5.0 (Linux; Android 7.1.2; Redmi 5A Build/N2G47H) AppleWebKit/537.36 (KHTML, like Gecko) Chrome/63.0.3239.111 Mobile Safari/537.36"
66.102.9.138 - - [24/Jan/2018:06:39:00 +0300] "GET /wp-content/plugins/q2w3-fixed-widget/js/q2w3-fixed-widget.min.js?ver=4.0.5 HTTP/1.0" 200 805 "http://some-blog.ru/trenirovki/kak-sest-na-shpagat-v-domashnix-usloviyax-uprazhneniya/" "Mozilla/5.0 (Linux; Android 7.1.2; Redmi 5A Build/N2G47H) AppleWebKit/537.36 (KHTML, like Gecko) Chrome/63.0.3239.111 Mobile Safari/537.36"
66.102.9.142 - - [24/Jan/2018:06:39:00 +0300] "GET /wp-includes/js/jquery/jquery.js?ver=1.12.4 HTTP/1.0" 200 33766 "http://some-blog.ru/trenirovki/kak-sest-na-shpagat-v-domashnix-usloviyax-uprazhneniya/" "Mozilla/5.0 (Linux; Android 7.1.2; Redmi 5A Build/N2G47H) AppleWebKit/537.36 (KHTML, like Gecko) Chrome/63.0.3239.111 Mobile Safari/537.36"
66.102.9.138 - - [24/Jan/2018:06:39:00 +0300] "GET /wp-content/themes/sark-press/javascript/bootstrap.min.js HTTP/1.0" 200 7679 "http://some-blog.ru/trenirovki/kak-sest-na-shpagat-v-domashnix-usloviyax-uprazhneniya/" "Mozilla/5.0 (Linux; Android 7.1.2; Redmi 5A Build/N2G47H) AppleWebKit/537.36 (KHTML, like Gecko) Chrome/63.0.3239.111 Mobile Safari/537.36"
66.102.9.140 - - [24/Jan/2018:06:39:00 +0300] "GET /wp-content/themes/sark-press/javascript/sarkpress_script.js HTTP/1.0" 200 137 "http://some-blog.ru/trenirovki/kak-sest-na-shpagat-v-domashnix-usloviyax-uprazhneniya/" "Mozilla/5.0 (Linux; Android 7.1.2; Redmi 5A Build/N2G47H) AppleWebKit/537.36 (KHTML, like Gecko) Chrome/63.0.3239.111 Mobile Safari/537.36"
66.102.9.142 - - [24/Jan/2018:06:39:00 +0300] "GET /wp-content/plugins/wp-postratings/images/stars/rating_on.gif HTTP/1.0" 200 523 "http://some-blog.ru/trenirovki/kak-sest-na-shpagat-v-domashnix-usloviyax-uprazhneniya/" "Mozilla/5.0 (Linux; Android 7.1.2; Redmi 5A Build/N2G47H) AppleWebKit/537.36 (KHTML, like Gecko) Chrome/63.0.3239.111 Mobile Safari/537.36"
66.102.9.138 - - [24/Jan/2018:06:39:00 +0300] "GET /wp-content/plugins/wp-postratings/images/loading.gif HTTP/1.0" 200 771 "http://some-blog.ru/trenirovki/kak-sest-na-shpagat-v-domashnix-usloviyax-uprazhneniya/" "Mozilla/5.0 (Linux; Android 7.1.2; Redmi 5A Build/N2G47H) AppleWebKit/537.36 (KHTML, like Gecko) Chrome/63.0.3239.111 Mobile Safari/537.36"
66.102.9.140 - - [24/Jan/2018:06:39:01 +0300] "GET /wp-includes/js/wp-embed.min.js?ver=4.6.1 HTTP/1.0" 200 750 "http://some-blog.ru/trenirovki/kak-sest-na-shpagat-v-domashnix-usloviyax-uprazhneniya/" "Mozilla/5.0 (Linux; Android 7.1.2; Redmi 5A Build/N2G47H) AppleWebKit/537.36 (KHTML, like Gecko) Chrome/63.0.3239.111 Mobile Safari/537.36"
66.102.9.142 - - [24/Jan/2018:06:39:01 +0300] "GET /wp-includes/js/wp-emoji-release.min.js?ver=4.6.1 HTTP/1.0" 200 4012 "http://some-blog.ru/trenirovki/kak-sest-na-shpagat-v-domashnix-usloviyax-uprazhneniya/" "Mozilla/5.0 (Linux; Android 7.1.2; Redmi 5A Build/N2G47H) AppleWebKit/537.36 (KHTML, like Gecko) Chrome/63.0.3239.111 Mobile Safari/537.36"
66.102.9.140 - - [24/Jan/2018:06:39:01 +0300] "GET /wp-content/plugins/wp-postratings/postratings-js.js?ver=1.82 HTTP/1.0" 200 752 "http://some-blog.ru/trenirovki/kak-sest-na-shpagat-v-domashnix-usloviyax-uprazhneniya/" "Mozilla/5.0 (Linux; Android 7.1.2; Redmi 5A Build/N2G47H) AppleWebKit/537.36 (KHTML, like Gecko) Chrome/63.0.3239.111 Mobile Safari/537.36"
66.102.9.142 - - [24/Jan/2018:06:39:01 +0300] "GET /wp-includes/js/comment-reply.min.js?ver=4.6.1 HTTP/1.0" 200 589 "http://some-blog.ru/trenirovki/kak-sest-na-shpagat-v-domashnix-usloviyax-uprazhneniya/" "Mozilla/5.0 (Linux; Android 7.1.2; Redmi 5A Build/N2G47H) AppleWebKit/537.36 (KHTML, like Gecko) Chrome/63.0.3239.111 Mobile Safari/537.36"
66.102.9.138 - - [24/Jan/2018:06:39:01 +0300] "GET /wp-content/themes/sark-press/fonts/font-awesome/fontawesome-webfont.woff?v=4.0.3 HTTP/1.0" 200 44432 "http://some-blog.ru/wp-content/themes/sark-press/stylesheet/font-awesome.min.css?ver=20121010" "Mozilla/5.0 (Linux; Android 7.1.2; Redmi 5A Build/N2G47H) AppleWebKit/537.36 (KHTML, like Gecko) Chrome/63.0.3239.111 Mobile Safari/537.36"
66.102.9.142 - - [24/Jan/2018:06:39:04 +0300] "GET /wp-content/plugins/wp-postratings/images/stars/rating_over.gif HTTP/1.0" 200 920 "http://some-blog.ru/trenirovki/kak-sest-na-shpagat-v-domashnix-usloviyax-uprazhneniya/" "Mozilla/5.0 (Linux; Android 7.1.2; Redmi 5A Build/N2G47H) AppleWebKit/537.36 (KHTML, like Gecko) Chrome/63.0.3239.111 Mobile Safari/537.36"
66.102.9.140 - - [24/Jan/2018:06:39:18 +0300] "GET /favicon.ico HTTP/1.0" 200 1406 "http://some-blog.ru/trenirovki/kak-sest-na-shpagat-v-domashnix-usloviyax-uprazhneniya/" "Mozilla/5.0 (Linux; Android 7.1.2; Redmi 5A Build/N2G47H) AppleWebKit/537.36 (KHTML, like Gecko) Chrome/63.0.3239.111 Mobile Safari/537.36"
66.102.9.140 - - [24/Jan/2018:06:39:19 +0300] "GET /trenirovki/kak-sest-na-shpagat-v-domashnix-usloviyax-uprazhneniya/?cf_action=sync_comments&post_id=402 HTTP/1.0" 200 172 "http://some-blog.ru/trenirovki/kak-sest-na-shpagat-v-domashnix-usloviyax-uprazhneniya/" "Mozilla/5.0 (Linux; Android 7.1.2; Redmi 5A Build/N2G47H) AppleWebKit/537.36 (KHTML, like Gecko) Chrome/63.0.3239.111 Mobile Safari/537.36"
107.167.103.88 - - [24/Jan/2018:06:40:04 +0300] "GET /english/stretching/how-do-i-do-the-splits-at-home-with-pictures/ HTTP/1.0" 200 14294 "-" "Opera/9.80 (Android; Opera Mini/26.0.2254/83.113; U; en) Presto/2.12.423 Version/12.16"
107.167.103.88 - - [24/Jan/2018:06:40:05 +0300] "GET /wp-includes/js/wp-emoji-release.min.js?ver=4.6.1 HTTP/1.0" 200 4012 "http://some-blog.ru/english/stretching/how-do-i-do-the-splits-at-home-with-pictures/" "Opera/9.80 (Android; Opera Mini/26.0.2254/83.113; U; en) Presto/2.12.423 Version/12.16"
107.167.103.88 - - [24/Jan/2018:06:40:05 +0300] "GET /wp-content/plugins/wp-postratings/postratings-css.css?ver=1.82 HTTP/1.0" 200 425 "http://some-blog.ru/english/stretching/how-do-i-do-the-splits-at-home-with-pictures/" "Opera/9.80 (Android; Opera Mini/26.0.2254/83.113; U; en) Presto/2.12.423 Version/12.16"
107.167.103.88 - - [24/Jan/2018:06:40:05 +0300] "GET /wp-content/themes/sark-press/stylesheet/fonts.css?ver=20121010 HTTP/1.0" 200 279 "http://some-blog.ru/english/stretching/how-do-i-do-the-splits-at-home-with-pictures/" "Opera/9.80 (Android; Opera Mini/26.0.2254/83.113; U; en) Presto/2.12.423 Version/12.16"
107.167.103.88 - - [24/Jan/2018:06:40:05 +0300] "GET /wp-content/plugins/wp-pagenavi/pagenavi-css.css?ver=2.70 HTTP/1.0" 200 239 "http://some-blog.ru/english/stretching/how-do-i-do-the-splits-at-home-with-pictures/" "Opera/9.80 (Android; Opera Mini/26.0.2254/83.113; U; en) Presto/2.12.423 Version/12.16"
107.167.103.88 - - [24/Jan/2018:06:40:05 +0300] "GET /wp-content/plugins/extended-categories-widget/4.2/css/avh-ec.widget.css?ver=3.10.0-dev.1 HTTP/1.0" 200 121 "http://some-blog.ru/english/stretching/how-do-i-do-the-splits-at-home-with-pictures/" "Opera/9.80 (Android; Opera Mini/26.0.2254/83.113; U; en) Presto/2.12.423 Version/12.16"
107.167.103.88 - - [24/Jan/2018:06:40:05 +0300] "GET /wp-content/themes/sark-press/javascript/sarkpress_script.js HTTP/1.0" 200 137 "http://some-blog.ru/english/stretching/how-do-i-do-the-splits-at-home-with-pictures/" "Opera/9.80 (Android; Opera Mini/26.0.2254/83.113; U; en) Presto/2.12.423 Version/12.16"
107.167.103.88 - - [24/Jan/2018:06:40:05 +0300] "GET /wp-content/plugins/wp-postratings/images/stars/rating_on.gif HTTP/1.0" 200 523 "http://some-blog.ru/english/stretching/how-do-i-do-the-splits-at-home-with-pictures/" "Opera/9.80 (Android; Opera Mini/26.0.2254/83.113; U; en) Presto/2.12.423 Version/12.16"
107.167.103.88 - - [24/Jan/2018:06:40:05 +0300] "GET /wp-content/plugins/q2w3-fixed-widget/js/q2w3-fixed-widget.min.js?ver=4.0.5 HTTP/1.0" 200 805 "http://some-blog.ru/english/stretching/how-do-i-do-the-splits-at-home-with-pictures/" "Opera/9.80 (Android; Opera Mini/26.0.2254/83.113; U; en) Presto/2.12.423 Version/12.16"
85.140.2.148 - - [24/Jan/2018:07:39:58 +0300] "GET /wp-content/plugins/wp-postratings/postratings-css.css?ver=1.82 HTTP/1.0" 200 425 "http://some-blog.ru/trenirovki/pochemu-vazhno-trenirovat-koordinaciyu-dvizhenij/" "Mozilla/5.0 (Linux; U; Android 6.0.1; ru-ru; Redmi 4 Build/MMB29M) AppleWebKit/537.36 (KHTML, like Gecko) Version/4.0 Chrome/53.0.2785.146 Mobile Safari/537.36 XiaoMi/MiuiBrowser/9.3.2"
45.67.89.12 - - [06/Feb/2018:08:45:23 +0100] "POST /api/update_settings HTTP/1.0" 201 130 "https://www.brave.com/" "Brave/1.0.5 (Windows NT 10.0; Win64; x64) AppleWebKit/537.36 (KHTML, like Gecko) Chrome/68.0.3440.106 Safari/537.36"
89.12.34.56 - - [07/Feb/2018:14:37:59 +0200] "GET /products/special_offers.html HTTP/1.0" 200 1900 "https://www.brave.com/" "Brave/1.0.6 (Windows NT 10.0; Win64; x64) AppleWebKit/537.36 (KHTML, like Gecko) Chrome/69.0.3497.100 Safari/537.36"
123.45.67.89 - - [08/Feb/2018:20:59:41 -0500] "GET /user/profile789 HTTP/1.0" 200 1000 "https://www.brave.com/" "Brave/1.0.7 (Windows NT 10.0; Win64; x64) AppleWebKit/537.36 (KHTML, like Gecko) Chrome/70.0.3538.67 Safari/537.36"
56.78.90.12 - - [09/Feb/2018:11:11:10 +0800] "GET /blog/recent_posts HTTP/1.0" 200 1200 "https://www.brave.com/" "Brave/1.0.8 (Windows NT 10.0; Win64; x64) AppleWebKit/537.36 (KHTML, like Gecko) Chrome/71.0.3578.98 Safari/537.36"
21.43.65.87 - - [10/Feb/2018:09:24:53 -0400] "GET /images/background.png HTTP/1.0" 200 250 "https://www.brave.com/" "Brave/1.0.9 (Windows NT 10.0; Win64; x64) AppleWebKit/537.36 (KHTML, like Gecko) Chrome/72.0.3626.109 Safari/537.36"
34.56.78.90 - - [11/Feb/2018:15:46:35 +0200] "GET /blog/tips_and_tricks HTTP/1.0" 200 800 "https://www.brave.com/" "Brave/1.0.10 (Windows NT 10.0; Win64; x64) AppleWebKit/537.36 (KHTML, like Gecko) Chrome/73.0.3683.75 Safari/537.36"
43.21.65.87 - - [12/Feb/2018:21:08:17 +0300] "GET /products/top_rated.html HTTP/1.0" 200 1600 "https://www.brave.com/" "Brave/1.0.11 (Windows NT 10.0; Win64; x64) AppleWebKit/537.36 (KHTML, like Gecko) Chrome/74.0.3729.131 Safari/537.36"
87.65.43.21 - - [13/Feb/2018:12:20:02 -0700] "POST /api/submit_survey HTTP/1.0" 201 200 "https://www.brave.com/" "Brave/1.0.12 (Windows NT 10.0; Win64; x64) AppleWebKit/537.36 (KHTML, like Gecko) Chrome/75.0.3770.90 Safari/537.36"
98.76.54.32 - - [14/Feb/2018:18:41:44 +0100] "GET /blog/industry_news HTTP/1.0" 200 1400 "https://www.brave.com/" "Brave/1.0.13 (Windows NT 10.0; Win64; x64) AppleWebKit/537.36 (KHTML, like Gecko) Chrome/76.0.3809.100 Safari/537.36"
109.87.65.43 - - [15/Feb/2018:23:03:26 +0800] "GET /user/preferences HTTP/1.0" 200 1000 "https://www.brave.com/" "Brave/1.0.14 (Windows NT 10.0; Win64; x64) AppleWebKit/537.36 (KHTML, like Gecko) Chrome/77.0.3865.90 Safari/537.36"
45.67.89.12 - - [16/Feb/2018:14:15:11 -0400] "GET /blog/book_reviews HTTP/1.0" 200 1200 "https://www.brave.com/" "Brave/1.0.15 (Windows NT 10.0; Win64; x64) AppleWebKit/537.36 (KHTML, like Gecko) Chrome/78.0.3904.97 Safari/537.36"
76.54.32.10 - - [17/Feb/2018:20:36:53 +0300] "POST /api/update_preferences HTTP/1.0" 201 180 "https://www.brave.com/" "Brave/1.0.16 (Windows NT 10.0; Win64; x64) AppleWebKit/537.36 (KHTML, like Gecko) Chrome/79.0.3945.88 Safari/537.36"
21.43.65.87 - - [18/Feb/2018:11:48:38 +0100] "GET /images/gallery.jpg HTTP/1.0" 200 200 "https://www.brave.com/" "Brave/1.0.17 (Windows NT 10.0; Win64; x64) AppleWebKit/537.36 (KHTML, like Gecko) Chrome/80.0.3987.132 Safari/537.36"
34.56.78.90 - - [19/Feb/2018:17:59:22 +0200] "GET /blog/updates HTTP/1.0" 200 1200 "https://www.brave.com/" "Brave/1.0.18 (Windows NT 10.0; Win64; x64) AppleWebKit/537.36 (KHTML, like Gecko) Chrome/81.0.4044.138 Safari/537.36"
43.21.65.87 - - [20/Feb/2018:23:21:07 -0400] "GET /products/latest_arrivals.html HTTP/1.0" 200 1600 "https://www.brave.com/" "Brave/1.0.19 (Windows NT 10.0; Win64; x64) AppleWebKit/537.36 (KHTML, like Gecko) Chrome/82.0.4070.66 Safari/537.36"
87.65.43.21 - - [21/Feb/2018:14:32:51 +0800] "POST /api/report_bug HTTP/1.0" 201 220 "https://www.brave.com/" "Brave/1.0.20 (Windows NT 10.0; Win64; x64) AppleWebKit/537.36 (KHTML, like Gecko) Safari/83.0.4103.97 Safari/537.36"
98.76.54.32 - - [22/Feb/2018:20:54:34 -0500] "GET /blog/community_forum HTTP/1.0" 200 1800 "https://www.brave.com/" "Brave/1.0.21 (Windows NT 10.0; Win64; x64) AppleWebKit/537.36 (KHTML, like Gecko) Safari/84.0.4147.105 Safari/537.36"
109.87.65.43 - - [23/Feb/2018:12:06:20 +0200] "GET /user/testimonials HTTP/1.0" 200 1500 "https://www.brave.com/" "Brave/1.0.22 (Windows NT 10.0; Win64; x64) AppleWebKit/537.36 (KHTML, like Gecko) Safari/85.0.4183.121 Safari/537.36"
210.32.45.67 - - [28/Jan/2018:18:09:45 -0400] "GET /images/logo.png HTTP/1.0" 200 120 "https://www.example.org/" "Safari/15.0.3 (Macintosh; Intel Mac OS X 11_6_2) AppleWebKit/605.1.15 (KHTML, like Gecko) Version/15.0.3 Safari/605.1.15"
210.32.45.67 - - [28/Jan/2018:18:09:45 -0400] "GET /images/logo.png HTTP/1.0" 200 120 "https://www.example.org/" "Safari/15.0.3 (Macintosh; Intel Mac OS X 11_6_2) AppleWebKit/605.1.15 (KHTML, like Gecko) Version/15.0.3 Safari/605.1.15"
210.32.45.67 - - [28/Jan/2018:18:09:45 -0400] "GET /images/logo.png HTTP/1.0" 200 120 "https://www.example.org/" "Safari/15.0.3 (Macintosh; Intel Mac OS X 11_6_2) AppleWebKit/605.1.15 (KHTML, like Gecko) Version/15.0.3 Safari/605.1.15"
210.32.45.67 - - [28/Jan/2018:18:09:45 -0400] "GET /images/logo.png HTTP/1.0" 200 120 "https://www.example.org/" "Safari/15.0.3 (Macintosh; Intel Mac OS X 11_6_2) AppleWebKit/605.1.15 (KHTML, like Gecko) Version/15.0.3 Safari/605.1.15"
176.98.76.54 - - [29/Jan/2018:03:27:10 +0300] "GET /user/profile123 HTTP/1.0" 200 800 "https://www.example.net/" "Chrome/99.0.0.1 (Windows NT 10.0; Win64; x64) AppleWebKit/537.36 (KHTML, like Gecko) Safari/99.0.0.1 Safari/537.36"
45.67.89.12 - - [30/Jan/2018:14:56:32 -0700] "GET /blog/latest_post HTTP/1.0" 200 1800 "https://www.example.com/" "Firefox/99.0 (Windows NT 10.0; Win64; x64) AppleWebKit/537.36 (KHTML, like Gecko) Firefox/99.0 Safari/537.36"
89.12.34.56 - - [31/Jan/2018:08:13:22 +0100] "GET /products/sale.html HTTP/1.0" 200 1600 "https://www.example.org/" "Edge/101.0.0.1 (Windows NT 10.0; Win64; x64) AppleWebKit/537.36 (KHTML, like Gecko) Safari/101.0.0.1 Safari/537.36"
45.67.89.12 - - [30/Jan/2018:14:56:32 -0700] "GET /blog/latest_post HTTP/1.0" 200 1800 "https://www.example.com/" "Firefox/99.0 (Windows NT 10.0; Win64; x64) AppleWebKit/537.36 (KHTML, like Gecko) Firefox/99.0 Safari/537.36"
45.67.89.12 - - [30/Jan/2018:14:56:32 -0700] "GET /blog/latest_post HTTP/1.0" 200 1800 "https://www.example.com/" "Firefox/99.0 (Windows NT 10.0; Win64; x64) AppleWebKit/537.36 (KHTML, like Gecko) Firefox/99.0 Safari/537.36"
45.67.89.12 - - [30/Jan/2018:14:56:32 -0700] "GET /blog/latest_post HTTP/1.0" 200 1800 "https://www.example.com/" "Firefox/99.0 (Windows NT 10.0; Win64; x64) AppleWebKit/537.36 (KHTML, like Gecko) Firefox/99.0 Safari/537.36"
107.167.103.88 - - [24/Jan/2018:06:40:04 +0300] "GET /english/stretching/how-do-i-do-the-splits-at-home-with-pictures/ HTTP/1.0" 200 14294 "-" "Opera/9.80 (Android; Opera Mini/26.0.2254/83.113; U; en) Presto/2.12.423 Version/12.16"
107.167.103.88 - - [24/Jan/2018:06:40:05 +0300] "GET /wp-includes/js/wp-emoji-release.min.js?ver=4.6.1 HTTP/1.0" 200 4012 "http://some-blog.ru/english/stretching/how-do-i-do-the-splits-at-home-with-pictures/" "Opera/9.80 (Android; Opera Mini/26.0.2254/83.113; U; en) Presto/2.12.423 Version/12.16"
107.167.103.88 - - [24/Jan/2018:06:40:05 +0300] "GET /wp-content/plugins/wp-postratings/postratings-css.css?ver=1.82 HTTP/1.0" 200 425 "http://some-blog.ru/english/stretching/how-do-i-do-the-splits-at-home-with-pictures/" "Opera/9.80 (Android; Opera Mini/26.0.2254/83.113; U; en) Presto/2.12.423 Version/12.16"
107.167.103.88 - - [24/Jan/2018:06:40:05 +0300] "GET /wp-content/themes/sark-press/stylesheet/fonts.css?ver=20121010 HTTP/1.0" 200 279 "http://some-blog.ru/english/stretching/how-do-i-do-the-splits-at-home-with-pictures/" "Opera/9.80 (Android; Opera Mini/26.0.2254/83.113; U; en) Presto/2.12.423 Version/12.16"
107.167.103.88 - - [24/Jan/2018:06:40:05 +0300] "GET /wp-content/plugins/wp-pagenavi/pagenavi-css.css?ver=2.70 HTTP/1.0" 200 239 "http://some-blog.ru/english/stretching/how-do-i-do-the-splits-at-home-with-pictures/" "Opera/9.80 (Android; Opera Mini/26.0.2254/83.113; U; en) Presto/2.12.423 Version/12.16"
107.167.103.88 - - [24/Jan/2018:06:40:05 +0300] "GET /wp-content/plugins/extended-categories-widget/4.2/css/avh-ec.widget.css?ver=3.10.0-dev.1 HTTP/1.0" 200 121 "http://some-blog.ru/english/stretching/how-do-i-do-the-splits-at-home-with-pictures/" "Opera/9.80 (Android; Opera Mini/26.0.2254/83.113; U; en) Presto/2.12.423 Version/12.16"
107.167.103.88 - - [24/Jan/2018:06:40:05 +0300] "GET /wp-content/themes/sark-press/javascript/sarkpress_script.js HTTP/1.0" 200 137 "http://some-blog.ru/english/stretching/how-do-i-do-the-splits-at-home-with-pictures/" "Opera/9.80 (Android; Opera Mini/26.0.2254/83.113; U; en) Presto/2.12.423 Version/12.16"
107.167.103.88 - - [24/Jan/2018:06:40:05 +0300] "GET /wp-content/plugins/wp-postratings/images/stars/rating_on.gif HTTP/1.0" 200 523 "http://some-blog.ru/english/stretching/how-do-i-do-the-splits-at-home-with-pictures/" "Opera/9.80 (Android; Opera Mini/26.0.2254/83.113; U; en) Presto/2.12.423 Version/12.16"
107.167.103.88 - - [24/Jan/2018:06:40:05 +0300] "GET /wp-content/plugins/q2w3-fixed-widget/js/q2w3-fixed-widget.min.js?ver=4.0.5 HTTP/1.0" 200 805 "http://some-blog.ru/english/stretching/how-do-i-do-the-splits-at-home-with-pictures/" "Opera/9.80 (Android; Opera Mini/26.0.2254/83.113; U; en) Presto/2.12.423 Version/12.16"
85.140.2.148 - - [24/Jan/2018:07:39:58 +0300] "GET /wp-content/plugins/wp-postratings/postratings-css.css?ver=1.82 HTTP/1.0" 200 425 "http://some-blog.ru/trenirovki/pochemu-vazhno-trenirovat-koordinaciyu-dvizhenij/" "Mozilla/5.0 (Linux; U; Android 6.0.1; ru-ru; Redmi 4 Build/MMB29M) AppleWebKit/537.36 (KHTML, like Gecko) Version/4.0 Chrome/53.0.2785.146 Mobile Safari/537.36 XiaoMi/MiuiBrowser/9.3.2"